// Jest Snapshot v1, https://goo.gl/fbAQLP

exports[`App component renders App 1`] = `
<DocumentFragment>
  <img
    alt="dog carrying newspaper"
    class="Loading"
    src="https://cdn.dribbble.com/users/15084/screenshots/729455/dogloader-dribbble.gif"
  />
</DocumentFragment>
`;
